G0 start: 2026-08-13T21:28:49Z
yarn run v1.22.22
$ tsx hello-bridge/submit_query.ts 0xad717c5c85279de036a321b63ccdb109a6c447e79f47261e52f969bdd20ca28d
◇ injected env (16) from .env // tip: ⌘ suppress logs { quiet: true }
Transaction 0xad717c5c85279de036a321b63ccdb109a6c447e79f47261e52f969bdd20ca28d found in block 11482813
Waiting for block 11482813 attestation on Creditcoin...
Latest attested height for chain key 1: 11482770
Height 11482813 not yet attested and in proof builder service cache for chain key 1. Latest height: 11482770. Retrying in 15000ms...
Height 11482813 not yet attested and in proof builder service cache for chain key 1. Latest height: 11482780. Retrying in 15000ms...
Height 11482813 not yet attested and in proof builder service cache for chain key 1. Latest height: 11482780. Retrying in 15000ms...
Height 11482813 not yet attested and in proof builder service cache for chain key 1. Latest height: 11482780. Retrying in 15000ms...
Height 11482813 not yet attested and in proof builder service cache for chain key 1. Latest height: 11482780. Retrying in 15000ms...
Height 11482813 not yet attested and in proof builder service cache for chain key 1. Latest height: 11482780. Retrying in 15000ms...
Height 11482813 not yet attested and in proof builder service cache for chain key 1. Latest height: 11482780. Retrying in 15000ms...
Error: Failed to fetch attested height: AxiosError: timeout of 10000ms exceeded
    at ApiClient.<anonymous> (/Users/oluwademilade/Desktop/Crosscredit/vendor/usc-testnet-bridge-examples/node_modules/@gluwa/usc-sdk/dist/proof-provider/service/index.js:90:27)
    at Generator.throw (<anonymous>)
    at rejected (/Users/oluwademilade/Desktop/Crosscredit/vendor/usc-testnet-bridge-examples/node_modules/@gluwa/usc-sdk/dist/proof-provider/service/index.js:6:65)
    at process.processTicksAndRejections (node:internal/process/task_queues:104:5)
Done in 126.75s.
G0 end: 2026-08-13T21:30:56Z
=== ATTEMPT 2 start: 2026-08-13T21:31:48Z ===
yarn run v1.22.22
$ tsx hello-bridge/submit_query.ts 0xad717c5c85279de036a321b63ccdb109a6c447e79f47261e52f969bdd20ca28d
◇ injected env (16) from .env // tip: ◈ encrypted .env [www.dotenvx.com]
Transaction 0xad717c5c85279de036a321b63ccdb109a6c447e79f47261e52f969bdd20ca28d found in block 11482813
Waiting for block 11482813 attestation on Creditcoin...
Latest attested height for chain key 1: 11482790
Height 11482813 not yet attested and in proof builder service cache for chain key 1. Latest height: 11482790. Retrying in 15000ms...
Height 11482813 not yet attested and in proof builder service cache for chain key 1. Latest height: 11482790. Retrying in 15000ms...
Height 11482813 not yet attested and in proof builder service cache for chain key 1. Latest height: 11482790. Retrying in 15000ms...
Height 11482813 not yet attested and in proof builder service cache for chain key 1. Latest height: 11482790. Retrying in 15000ms...
Height 11482813 not yet attested and in proof builder service cache for chain key 1. Latest height: 11482790. Retrying in 15000ms...
Height 11482813 not yet attested and in proof builder service cache for chain key 1. Latest height: 11482790. Retrying in 15000ms...
Height 11482813 not yet attested and in proof builder service cache for chain key 1. Latest height: 11482790. Retrying in 15000ms...
Height 11482813 not yet attested and in proof builder service cache for chain key 1. Latest height: 11482790. Retrying in 15000ms...
Height 11482813 not yet attested and in proof builder service cache for chain key 1. Latest height: 11482800. Retrying in 15000ms...
Height 11482813 not yet attested and in proof builder service cache for chain key 1. Latest height: 11482800. Retrying in 15000ms...
Height 11482813 not yet attested and in proof builder service cache for chain key 1. Latest height: 11482800. Retrying in 15000ms...
Height 11482813 not yet attested and in proof builder service cache for chain key 1. Latest height: 11482800. Retrying in 15000ms...
Height 11482813 not yet attested and in proof builder service cache for chain key 1. Latest height: 11482800. Retrying in 15000ms...
Height 11482813 not yet attested and in proof builder service cache for chain key 1. Latest height: 11482800. Retrying in 15000ms...
Height 11482813 not yet attested and in proof builder service cache for chain key 1. Latest height: 11482800. Retrying in 15000ms...
Height 11482813 not yet attested and in proof builder service cache for chain key 1. Latest height: 11482810. Retrying in 15000ms...
Height 11482813 not yet attested and in proof builder service cache for chain key 1. Latest height: 11482810. Retrying in 15000ms...
Height 11482813 not yet attested and in proof builder service cache for chain key 1. Latest height: 11482810. Retrying in 15000ms...
Height 11482813 not yet attested and in proof builder service cache for chain key 1. Latest height: 11482810. Retrying in 15000ms...
